namespace myNamespace
{

    interface i2 extends ie1, ie2
    {
    }
}