namespace myNamespace
{

    trait t2
    {
    }
}