<?php

/**
 * Shortfile description
 *
 * Long file description.
 * On multiple lines.
 *
 * @author Wingu
 */

namespace myNS\subNS2;

require_once ('r1');
require_once ('r2');

use use1;
use use2 as use2_alias;
use classUse as classUseAlias;

class class2_1
{
}

interface interface2_1
{
}

?>
<?php

$var = 1;